Microchip MPLAB XC8 Compiler V2.45

Linker command line:

-W-3 \
  --edf=C:\Program Files\Microchip\xc8\v2.45\pic\dat\20230818022343_en.msgs \
  -cn -h+dist/default/debug\Board.X.debug.sym \
  --cmf=dist/default/debug\Board.X.debug.cmf -z -Q16F877A \
  -oC:\Users\tbogi\AppData\Local\Temp\xcAsf18.\driver_tmp_3.o \
  --defsym=__MPLAB_BUILD=1 --fixupoverflow=error \
  -Mdist/default/debug/Board.X.debug.map \
  --md=C:\Users\tbogi\AppData\Local\Temp\xcAsf18.\driver_tmp_0.dat -E1 \
  -ver=XC8 Compiler --acfsm=1493 -ACODE=00h-07FFhx3,01800h-01EFFh \
  -ASTRCODE=00h-01EFFh -ASTRING=00h-0FFhx31 -ACONST=00h-0FFhx31 \
  -AENTRY=00h-0FFhx31 -ACOMMON=071h-07Fh -ABANK0=020h-06Fh \
  -ABANK1=0A0h-0EFh -ABANK2=0110h-016Fh -ABANK3=0190h-01E4h \
  -ARAM=020h-06Fh,0A0h-0EFh,0110h-016Fh,0190h-01E4h \
  -AABS1=020h-07Fh,0A0h-0EFh,0110h-016Fh,0190h-01EFh -ASFR0=00h-01Fh \
  -ASFR1=080h-09Fh -ASFR2=0100h-010Fh -ASFR3=0180h-018Fh \
  -ACONFIG=02007h-02007h -DCONFIG=2 -AIDLOC=02000h-02003h -DIDLOC=2 \
  -AEEDATA=00h-0FFh/02100h -peeprom_data=EEDATA -DEEDATA=2 -DCODE=2 \
  -DSTRCODE=2 -DSTRING=2 -DCONST=2 -DENTRY=2 \
  -preset_vec=00h,intentry,init,end_init -ppowerup=CODE -pcinit=CODE \
  -pfunctab=ENTRY -k \
  C:\Users\tbogi\AppData\Local\Temp\xcAsf18.\driver_tmp_12.o \
  dist/default/debug\Board.X.debug.o 

Object code version is 3.11

Machine type is 16F877A



                Name                               Link     Load   Length Selector   Space Scale
C:\Users\tbogi\AppData\Local\Temp\xcAsf18.\driver_tmp_12.o
                end_init                              1        1        3        0       0
                reset_vec                             0        0        1        0       0
                config                             2007     2007        1        0       4
                idloc                              2000     2000        4        0       5
dist/default/debug\Board.X.debug.o
                cinit                               7FA      7FA        6      FF4       0
                config                             2007     2007        1        0       4
                idloc                              2000     2000        4        0       5
                text4                               6E2      6E2        A      DC4       0
                text3                               704      704       1F      E08       0
                text2                               78C      78C       6E      F18       0
                text1                               6EC      6EC       18      DD8       0
                maintext                            723      723       69      E46       0
                cstackCOMMON                         71       71        A       71       1
                bssCOMMON                            7B       7B        2       71       1
                strings                               4        4       17        8       0

TOTAL           Name                               Link     Load   Length     Space
        CLASS   CODE           
                end_init                              1        1        3         0
                cinit                               7FA      7FA        6         0
                reset_vec                             0        0        1         0
                text4                               6E2      6E2        A         0
                text3                               704      704       1F         0
                text2                               78C      78C       6E         0
                text1                               6EC      6EC       18         0
                maintext                            723      723       69         0

        CLASS   STRCODE        

        CLASS   STRING         
                strings                               4        4       17         0

        CLASS   CONST          

        CLASS   ENTRY          

        CLASS   COMMON         
                cstackCOMMON                         71       71        A         1
                bssCOMMON                            7B       7B        2         1

        CLASS   BANK0          

        CLASS   BANK1          

        CLASS   BANK2          

        CLASS   BANK3          

        CLASS   RAM            

        CLASS   ABS1           
                abs_s1                               7E       7E        2         1

        CLASS   SFR0           

        CLASS   SFR1           

        CLASS   SFR2           

        CLASS   SFR3           

        CLASS   CONFIG         
                config                             2007     2007        1         4

        CLASS   IDLOC          
                idloc                              2000     2000        4         5

        CLASS   EEDATA         

        CLASS   HEAP           

        CLASS   STACK          



SEGMENTS        Name                           Load    Length   Top    Selector   Space  Class     Delta

                reset_vec                      000000  000004  000004         0       0  CODE        2
                strings                        000004  000017  00001B         8       0  STRING      2
                cstackCOMMON                   000071  00000C  00007D        71       1  COMMON      1
                text4                          0006E2  00000A  0006EC       DC4       0  CODE        2
                text1                          0006EC  000018  000704       DD8       0  CODE        2
                text3                          000704  00001F  000723       E08       0  CODE        2
                maintext                       000723  000069  00078C       E46       0  CODE        2
                text2                          00078C  00006E  0007FA       F18       0  CODE        2
                cinit                          0007FA  000006  000800       FF4       0  CODE        2


UNUSED ADDRESS RANGES

        Name                Unused          Largest block    Delta
        BANK0            0020-006F             50           1
        BANK1            00A0-00EF             50           1
        BANK2            0110-016F             60           1
        BANK3            0190-01E4             55           1
        CODE             001B-06E1            6C7           2
                         0800-1EFF            800
        COMMON           007D-007D              1           1
        CONST            001B-06E1            100           2
                         0800-1EFF            100
        EEDATA           2100-21FF            100           2
        ENTRY            001B-06E1            100           2
                         0800-1EFF            100
        RAM              0020-006F             50           1
                         00A0-00EF             50
                         0110-016F             60
                         0190-01E4             55
        SFR0             0000-001F             20           1
        SFR1             0080-009F             20           1
        SFR2             0100-010F             10           1
        SFR3             0180-018F             10           1
        STRCODE          001B-06E1            6C7           2
                         0800-1EFF           1700
        STRING           001B-06E1            100           2
                         0800-1EFF            100

                                  Symbol Table

MakeCall@a                cstackCOMMON 0073
_BRGH                     (abs)        04C2
_CREN                     (abs)        00C4
_MakeCall                 text2        078C
_OERR                     (abs)        00C1
_PORTB                    (abs)        0006
_RB1                      (abs)        0031
_RB3                      (abs)        0033
_RB4                      (abs)        0034
_RC5                      (abs)        003D
_RC7                      (abs)        003F
_RCIF                     (abs)        0065
_RCREG                    (abs)        001A
_RD1                      (abs)        0041
_RD3                      (abs)        0043
_RX9                      (abs)        00C6
_SPBRG                    (abs)        0099
_SPEN                     (abs)        00C7
_SYNC                     (abs)        04C4
_TRISB                    (abs)        0086
_TRISC6                   (abs)        043E
_TRISC7                   (abs)        043F
_TRISD                    (abs)        0088
_TX9                      (abs)        04C6
_TXEN                     (abs)        04C5
_TXIF                     (abs)        0064
_TXREG                    (abs)        0019
__H__absolute__           __absolute__ 0000
__Habs1                   abs1         0000
__Hbank0                  bank0        0000
__Hbank1                  bank1        0000
__Hbank2                  bank2        0000
__Hbank3                  bank3        0000
__HbssCOMMON              bssCOMMON    0000
__Hcinit                  cinit        0800
__Hclrtext                clrtext      0000
__Hcode                   code         0000
__Hcommon                 common       0000
__Hconfig                 config       2008
__HcstackCOMMON           cstackCOMMON 0000
__Heeprom_data            eeprom_data  0000
__Hend_init               end_init     0004
__Hfunctab                functab      0000
__Hheap                   heap         0000
__Hidloc                  idloc        2004
__Hinit                   init         0001
__Hintentry               intentry     0001
__Hmaintext               maintext     0000
__Hpowerup                powerup      0000
__Hram                    ram          0000
__Hreset_vec              reset_vec    0001
__Hsfr0                   sfr0         0000
__Hsfr1                   sfr1         0000
__Hsfr2                   sfr2         0000
__Hsfr3                   sfr3         0000
__Hspace_0                (abs)        0800
__Hspace_1                (abs)        007D
__Hspace_2                (abs)        0000
__Hspace_3                (abs)        0000
__Hspace_4                (abs)        400F
__Hstack                  stack        0000
__Hstrings                strings      0000
__Htext                   text         0000
__L__absolute__           __absolute__ 0000
__Labs1                   abs1         0000
__Lbank0                  bank0        0000
__Lbank1                  bank1        0000
__Lbank2                  bank2        0000
__Lbank3                  bank3        0000
__LbssCOMMON              bssCOMMON    0000
__Lcinit                  cinit        07FA
__Lclrtext                clrtext      0000
__Lcode                   code         0000
__Lcommon                 common       0000
__Lconfig                 config       0000
__LcstackCOMMON           cstackCOMMON 0000
__Leeprom_data            eeprom_data  0000
__Lend_init               end_init     0001
__Lfunctab                functab      0000
__Lheap                   heap         0000
__Lidloc                  idloc        0000
__Linit                   init         0001
__Lintentry               intentry     0001
__Lmaintext               maintext     0000
__Lpowerup                powerup      0000
__Lram                    ram          0000
__Lreset_vec              reset_vec    0000
__Lsfr0                   sfr0         0000
__Lsfr1                   sfr1         0000
__Lsfr2                   sfr2         0000
__Lsfr3                   sfr3         0000
__Lspace_0                (abs)        0000
__Lspace_1                (abs)        0000
__Lspace_2                (abs)        0000
__Lspace_3                (abs)        0000
__Lspace_4                (abs)        0000
__Lstack                  stack        0000
__Lstrings                strings      0000
__Ltext                   text         0000
__S0                      (abs)        0800
__S1                      (abs)        007D
__S3                      (abs)        0000
__SIM900_print            text3        0704
__SIM900_print@ptr        cstackCOMMON 0072
__SIM900_putch            text4        06E2
__SIM900_putch@bt         cstackCOMMON 0071
___heap_hi                (abs)        0000
___heap_lo                (abs)        0000
___int_sp                 stack        0000
___int_stack_hi           stack        0000
___int_stack_lo           stack        0000
___latbits                (abs)        0002
___sp                     stack        0000
___stack_hi               stack        0000
___stack_lo               stack        0000
___stackhi                (abs)        0000
___stacklo                (abs)        0000
__end_of_MakeCall         text2        07FA
__end_of__SIM900_print    text3        0723
__end_of__SIM900_putch    text4        06EC
__end_of__initialization  cinit        07FC
__end_of__stringtab       strings      000A
__end_of_intialize_SIM900 text1        0704
__end_of_main             maintext     078C
__initialization          cinit        07FA
__pbssCOMMON              bssCOMMON    007B
__pcstackCOMMON           cstackCOMMON 0071
__pmaintext               maintext     0723
__pstrings                strings      0004
__ptext1                  text1        06EC
__ptext2                  text2        078C
__ptext3                  text3        0704
__ptext4                  text4        06E2
__stringbase              strings      0009
__stringtab               strings      0004
_intialize_SIM900         text1        06EC
_main                     maintext     0723
btemp                     (abs)        007E
end_of_initialization     cinit        07FC
intlevel0                 functab      0000
intlevel1                 functab      0000
intlevel2                 functab      0000
intlevel3                 functab      0000
intlevel4                 functab      0000
intlevel5                 functab      0000
reset_vec                 reset_vec    0000
start                     init         0001
start_initialization      cinit        07FA
wtemp0                    (abs)        007E


MODULE INFORMATION

Module		Function		Class		Link	Load	Size
MainFile.c
		__SIM900_putch 		CODE           	06E2	0000	10
		__SIM900_print 		CODE           	0704	0000	31
		_intialize_SIM900		CODE           	06EC	0000	24
		_main          		CODE           	0723	0000	105
		_MakeCall      		CODE           	078C	0000	110

MainFile.c estimated size: 280

shared
		__stringtab    		STRING         	0004	0000	6
		__initialization		CODE           	07FA	0000	2

shared estimated size: 8

